[2026-03-03 09:05:21] ⏰ 后台定时任务已刷新，将在每天的 ['09:00', '18:30'] 自动执行
[2026-03-03 09:05:44] 📡 具身雷达开始扫描...
[2026-03-03 09:05:44] -> 正在检索关键词: VLA
[2026-03-03 09:05:46] -> 正在检索关键词: End-to-End
[2026-03-03 09:05:50] -> 正在检索关键词: Embodied
[2026-03-03 09:05:51] ⏰ 后台定时任务已刷新，将在每天的 ['09:30', '18:30'] 自动执行
[2026-03-03 09:05:52] -> 正在检索关键词: Humanoid
[2026-03-03 09:05:54] -> 正在检索关键词: Manipulation
[2026-03-03 09:05:56] -> 正在检索关键词: Sim-to-Real
[2026-03-03 09:05:58] -> 正在检索关键词: Reinforcement Learning
[2026-03-03 09:05:59] -> 正在检索关键词: Dexterous
[2026-03-03 09:06:01] -> 正在检索关键词: Diffusion
[2026-03-03 09:06:03] 🧠 正在请 AI 总结: PanopticSplatting: E...
[2026-03-03 09:06:07] ✅ 推送成功: PanopticSplatti...
[2026-03-03 09:06:12] 🧠 正在请 AI 总结: RadarMask: A Novel E...
[2026-03-03 09:06:18] ✅ 推送成功: RadarMask: A No...
[2026-03-03 09:06:23] 🧠 正在请 AI 总结: A Sim-to-Real Transf...
[2026-03-03 09:06:27] ✅ 推送成功: A Sim-to-Real T...
[2026-03-03 09:06:32] 🧠 正在请 AI 总结: Robotic Sim-to-Real ...
[2026-03-03 09:06:36] ✅ 推送成功: Robotic Sim-to-...
[2026-03-03 09:06:41] 🧠 正在请 AI 总结: Learning Adaptive De...
[2026-03-03 09:06:45] ✅ 推送成功: Learning Adapti...
[2026-03-03 09:06:50] 🧠 正在请 AI 总结: Adaptive Visuo-Tacti...
[2026-03-03 09:06:54] ✅ 推送成功: Adaptive Visuo-...
[2026-03-03 09:06:59] 🎉 扫描及推送任务全部完成！
[2026-03-03 09:30:23] 📡 具身雷达开始扫描...
[2026-03-03 09:30:23] -> 正在检索关键词: VLA
[2026-03-03 09:30:24] -> 正在检索关键词: End-to-End
[2026-03-03 09:30:26] -> 正在检索关键词: Embodied
[2026-03-03 09:30:28] -> 正在检索关键词: Humanoid
[2026-03-03 09:30:30] -> 正在检索关键词: Manipulation
[2026-03-03 09:30:31] -> 正在检索关键词: Sim-to-Real
[2026-03-03 09:30:33] -> 正在检索关键词: Reinforcement Learning
[2026-03-03 09:30:34] -> 正在检索关键词: Dexterous
[2026-03-03 09:30:36] -> 正在检索关键词: Diffusion
[2026-03-03 09:30:37] 🧠 正在请 AI 总结: FABG : End-to-end Im...
[2026-03-03 09:30:43] ✅ 推送成功: FABG : End-to-e...
[2026-03-03 09:30:48] 🧠 正在请 AI 总结: EndoMUST: Monocular ...
[2026-03-03 09:30:53] ✅ 推送成功: EndoMUST: Monoc...
[2026-03-03 09:30:58] 🧠 正在请 AI 总结: HiFAR: Multi-Stage C...
[2026-03-03 09:31:04] ✅ 推送成功: HiFAR: Multi-St...
[2026-03-03 09:31:09] 🧠 正在请 AI 总结: Distillation-PPO: A ...
[2026-03-03 09:31:13] ✅ 推送成功: Distillation-PP...
[2026-03-03 09:31:18] 🎉 扫描及推送任务全部完成！
[2026-03-03 18:30:21] 📡 具身雷达开始扫描...
[2026-03-03 18:30:21] -> 正在检索关键词: VLA
[2026-03-03 18:30:25] -> 正在检索关键词: End-to-End
[2026-03-03 18:30:26] -> 正在检索关键词: Embodied
[2026-03-03 18:30:28] -> 正在检索关键词: Humanoid
[2026-03-03 18:30:30] -> 正在检索关键词: Manipulation
[2026-03-03 18:30:31] -> 正在检索关键词: Sim-to-Real
[2026-03-03 18:30:33] -> 正在检索关键词: Reinforcement Learning
[2026-03-03 18:30:35] -> 正在检索关键词: Dexterous
[2026-03-03 18:30:37] -> 正在检索关键词: Diffusion
[2026-03-03 18:30:39] ☕ 未发现新论文，发送平安报备...
[2026-03-04 09:30:05] 📡 具身雷达开始扫描...
[2026-03-04 09:30:05] -> 正在检索关键词: VLA
[2026-03-04 09:30:08] -> 正在检索关键词: End-to-End
[2026-03-04 09:30:10] -> 正在检索关键词: Embodied
[2026-03-04 09:30:12] -> 正在检索关键词: Humanoid
[2026-03-04 09:30:14] -> 正在检索关键词: Manipulation
[2026-03-04 09:30:16] -> 正在检索关键词: Sim-to-Real
[2026-03-04 09:30:19] -> 正在检索关键词: Reinforcement Learning
[2026-03-04 09:30:21] -> 正在检索关键词: Dexterous
[2026-03-04 09:30:23] -> 正在检索关键词: Diffusion
[2026-03-04 09:30:25] 🧠 正在请 AI 总结: Embodied Domain Adap...
[2026-03-04 09:30:28] ✅ 推送成功: Embodied Domain...
[2026-03-04 09:30:33] 🧠 正在请 AI 总结: VLM Can Be a Good As...
[2026-03-04 09:30:40] ✅ 推送成功: VLM Can Be a Go...
[2026-03-04 09:30:45] 🎉 扫描及推送任务全部完成！
[2026-03-07 10:56:21] ⏰ 后台定时任务已刷新，将在每天的 ['09:30', '18:30'] 自动执行
[2026-03-07 10:56:30] 📡 具身雷达开始扫描...
[2026-03-07 10:56:30] -> 正在检索关键词: VLA
[2026-03-07 10:56:32] -> 正在检索关键词: End-to-End
[2026-03-07 10:56:33] -> 正在检索关键词: Embodied
[2026-03-07 10:56:36] -> 正在检索关键词: Humanoid
[2026-03-07 10:56:37] -> 正在检索关键词: Manipulation
[2026-03-07 10:56:38] -> 正在检索关键词: Sim-to-Real
[2026-03-07 10:56:39] -> 正在检索关键词: Reinforcement Learning
[2026-03-07 10:56:41] -> 正在检索关键词: Dexterous
[2026-03-07 10:56:42] -> 正在检索关键词: Diffusion
[2026-03-07 10:56:44] 🧠 正在请 AI 总结: Task-Specific Embodi...
[2026-03-07 10:56:48] ✅ 推送成功: Task-Specific E...
[2026-03-07 10:56:53] 🧠 正在请 AI 总结: Multimodal Autonomou...
[2026-03-07 10:56:58] ✅ 推送成功: Multimodal Auto...
[2026-03-07 10:57:03] 🧠 正在请 AI 总结: AVD2: Accident Video...
[2026-03-07 10:57:07] ✅ 推送成功: AVD2: Accident ...
[2026-03-07 10:57:12] 🧠 正在请 AI 总结: NaviDiffusor: Cost-G...
[2026-03-07 10:57:15] ✅ 推送成功: NaviDiffusor: C...
[2026-03-07 10:57:20] 🎉 扫描及推送任务全部完成！
[2026-03-07 18:30:14] 📡 具身雷达开始扫描...
[2026-03-07 18:30:14] -> 正在检索关键词: VLA
[2026-03-07 18:30:16] -> 正在检索关键词: End-to-End
[2026-03-07 18:30:18] -> 正在检索关键词: Embodied
[2026-03-07 18:30:19] -> 正在检索关键词: Humanoid
[2026-03-07 18:30:21] -> 正在检索关键词: Manipulation
[2026-03-07 18:30:22] -> 正在检索关键词: Sim-to-Real
[2026-03-07 18:30:23] -> 正在检索关键词: Reinforcement Learning
[2026-03-07 18:30:26] -> 正在检索关键词: Dexterous
[2026-03-07 18:30:27] -> 正在检索关键词: Diffusion
[2026-03-07 18:30:29] 🧠 正在请 AI 总结: TREND: Tri-Teaching ...
[2026-03-07 18:30:33] ✅ 推送成功: TREND: Tri-Teac...
[2026-03-07 18:30:38] 🧠 正在请 AI 总结: Sim4EndoR: A Reinfor...
[2026-03-07 18:30:45] ✅ 推送成功: Sim4EndoR: A Re...
[2026-03-07 18:30:50] 🎉 扫描及推送任务全部完成！
[2026-03-08 09:30:03] 📡 具身雷达开始扫描...
[2026-03-08 09:30:03] -> 正在检索关键词: VLA
[2026-03-08 09:30:05] -> 正在检索关键词: End-to-End
[2026-03-08 09:30:06] -> 正在检索关键词: Embodied
[2026-03-08 09:30:08] -> 正在检索关键词: Humanoid
[2026-03-08 09:30:09] -> 正在检索关键词: Manipulation
[2026-03-08 09:30:11] -> 正在检索关键词: Sim-to-Real
[2026-03-08 09:30:13] -> 正在检索关键词: Reinforcement Learning
[2026-03-08 09:30:14] -> 正在检索关键词: Dexterous
[2026-03-08 09:30:16] -> 正在检索关键词: Diffusion
[2026-03-08 09:30:18] 🧠 正在请 AI 总结: Efficient End-to-end...
[2026-03-08 09:30:23] ✅ 推送成功: Efficient End-t...
[2026-03-08 09:30:28] 🧠 正在请 AI 总结: End-to-End Underwate...
[2026-03-08 09:30:33] ✅ 推送成功: End-to-End Unde...
[2026-03-08 09:30:38] 🧠 正在请 AI 总结: Diffusion-Based Self...
[2026-03-08 09:30:44] ✅ 推送成功: Diffusion-Based...
[2026-03-08 09:30:49] 🧠 正在请 AI 总结: Empirical Analysis o...
[2026-03-08 09:30:53] ✅ 推送成功: Empirical Analy...
[2026-03-08 09:30:58] 🎉 扫描及推送任务全部完成！
[2026-03-08 18:30:23] 📡 具身雷达开始扫描...
[2026-03-08 18:30:23] -> 正在检索关键词: VLA
[2026-03-08 18:30:24] -> 正在检索关键词: End-to-End
[2026-03-08 18:30:26] -> 正在检索关键词: Embodied
[2026-03-08 18:30:30] -> 正在检索关键词: Humanoid
[2026-03-08 18:30:33] -> 正在检索关键词: Manipulation
[2026-03-08 18:30:34] -> 正在检索关键词: Sim-to-Real
[2026-03-08 18:30:36] -> 正在检索关键词: Reinforcement Learning
[2026-03-08 18:30:38] -> 正在检索关键词: Dexterous
[2026-03-08 18:30:39] -> 正在检索关键词: Diffusion
[2026-03-08 18:30:44] 🧠 正在请 AI 总结: Natural Humanoid Rob...
[2026-03-08 18:30:48] ✅ 推送成功: Natural Humanoi...
[2026-03-08 18:30:53] 🧠 正在请 AI 总结: Graph-Structured Sup...
[2026-03-08 18:31:00] ✅ 推送成功: Graph-Structure...
[2026-03-08 18:31:05] 🧠 正在请 AI 总结: FDPP: Fine-Tune Diff...
[2026-03-08 18:31:09] ✅ 推送成功: FDPP: Fine-Tune...
[2026-03-08 18:31:14] 🧠 正在请 AI 总结: Learning Coordinated...
[2026-03-08 18:31:18] ✅ 推送成功: Learning Coordi...
[2026-03-08 18:31:23] 🎉 扫描及推送任务全部完成！
[2026-03-09 09:30:05] 📡 具身雷达开始扫描...
[2026-03-09 09:30:05] -> 正在检索关键词: VLA
[2026-03-09 09:30:06] -> 正在检索关键词: End-to-End
[2026-03-09 09:30:07] -> 正在检索关键词: Embodied
[2026-03-09 09:30:14] -> 正在检索关键词: Humanoid
[2026-03-09 09:30:16] -> 正在检索关键词: Manipulation
[2026-03-09 09:30:17] -> 正在检索关键词: Sim-to-Real
[2026-03-09 09:30:18] -> 正在检索关键词: Reinforcement Learning
[2026-03-09 09:30:21] -> 正在检索关键词: Dexterous
[2026-03-09 09:30:22] -> 正在检索关键词: Diffusion
[2026-03-09 09:30:24] 🧠 正在请 AI 总结: Embodied Adaptive Se...
[2026-03-09 09:30:32] ✅ 推送成功: Embodied Adapti...
[2026-03-09 09:30:37] 🧠 正在请 AI 总结: LLplace: Embodied 3D...
[2026-03-09 09:30:41] ✅ 推送成功: LLplace: Embodi...
[2026-03-09 09:30:46] 🧠 正在请 AI 总结: Multi-UAV Formation ...
[2026-03-09 09:30:51] ✅ 推送成功: Multi-UAV Forma...
[2026-03-09 09:30:56] 🧠 正在请 AI 总结: Joint Pedestrian and...
[2026-03-09 09:31:01] ✅ 推送成功: Joint Pedestria...
[2026-03-09 09:31:06] 🎉 扫描及推送任务全部完成！
[2026-03-09 18:30:01] 📡 具身雷达开始扫描...
[2026-03-09 18:30:01] -> 正在检索关键词: VLA
[2026-03-09 18:30:02] -> 正在检索关键词: End-to-End
[2026-03-09 18:30:04] -> 正在检索关键词: Embodied
[2026-03-09 18:30:06] -> 正在检索关键词: Humanoid
[2026-03-09 18:30:07] -> 正在检索关键词: Manipulation
[2026-03-09 18:30:09] -> 正在检索关键词: Sim-to-Real
[2026-03-09 18:30:10] -> 正在检索关键词: Reinforcement Learning
[2026-03-09 18:30:13] -> 正在检索关键词: Dexterous
[2026-03-09 18:30:14] -> 正在检索关键词: Diffusion
[2026-03-09 18:30:16] ☕ 未发现新论文，发送平安报备...
[2026-03-10 09:30:28] 📡 具身雷达开始扫描...
[2026-03-10 09:30:28] -> 正在检索关键词: VLA
[2026-03-10 09:30:29] -> 正在检索关键词: End-to-End
[2026-03-10 09:30:30] -> 正在检索关键词: Embodied
[2026-03-10 09:30:31] -> 正在检索关键词: Humanoid
[2026-03-10 09:30:33] -> 正在检索关键词: Manipulation
[2026-03-10 09:30:34] -> 正在检索关键词: Sim-to-Real
[2026-03-10 09:30:35] -> 正在检索关键词: Reinforcement Learning
[2026-03-10 09:30:38] -> 正在检索关键词: Dexterous
[2026-03-10 09:30:41] -> 正在检索关键词: Diffusion
[2026-03-10 09:30:43] 🧠 正在请 AI 总结: High-Performance Rei...
[2026-03-10 09:30:48] ✅ 推送成功: High-Performanc...
[2026-03-10 09:30:53] 🧠 正在请 AI 总结: Exo-ViHa: A Cross-Pl...
[2026-03-10 09:31:00] ✅ 推送成功: Exo-ViHa: A Cro...
[2026-03-10 09:31:05] 🎉 扫描及推送任务全部完成！
[2026-03-10 18:30:00] 📡 具身雷达开始扫描...
[2026-03-10 18:30:00] -> 正在检索关键词: VLA
[2026-03-10 18:30:01] -> 正在检索关键词: End-to-End
[2026-03-10 18:30:02] -> 正在检索关键词: Embodied
[2026-03-10 18:30:03] -> 正在检索关键词: Humanoid
[2026-03-10 18:30:05] -> 正在检索关键词: Manipulation
[2026-03-10 18:30:06] -> 正在检索关键词: Sim-to-Real
[2026-03-10 18:30:08] -> 正在检索关键词: Reinforcement Learning
[2026-03-10 18:30:09] -> 正在检索关键词: Dexterous
[2026-03-10 18:30:10] -> 正在检索关键词: Diffusion
[2026-03-10 18:30:12] ☕ 未发现新论文，发送平安报备...
[2026-03-11 09:30:25] 📡 具身雷达开始扫描...
[2026-03-11 09:30:25] -> 正在检索关键词: VLA
[2026-03-11 09:30:26] -> 正在检索关键词: End-to-End
[2026-03-11 09:30:28] -> 正在检索关键词: Embodied
[2026-03-11 09:30:30] -> 正在检索关键词: Humanoid
[2026-03-11 09:30:31] -> 正在检索关键词: Manipulation
[2026-03-11 09:30:33] -> 正在检索关键词: Sim-to-Real
[2026-03-11 09:30:34] -> 正在检索关键词: Reinforcement Learning
[2026-03-11 09:30:35] -> 正在检索关键词: Dexterous
[2026-03-11 09:30:37] -> 正在检索关键词: Diffusion
[2026-03-11 09:30:38] 🧠 正在请 AI 总结: MapDiffusion: Genera...
[2026-03-11 09:30:43] ✅ 推送成功: MapDiffusion: G...
[2026-03-11 09:30:48] 🧠 正在请 AI 总结: Diffusion-Based Appr...
[2026-03-11 09:30:53] ✅ 推送成功: Diffusion-Based...
[2026-03-11 09:30:58] 🎉 扫描及推送任务全部完成！
[2026-03-11 18:30:22] 📡 具身雷达开始扫描...
[2026-03-11 18:30:22] -> 正在检索关键词: VLA
[2026-03-11 18:30:24] -> 正在检索关键词: End-to-End
[2026-03-11 18:30:26] -> 正在检索关键词: Embodied
[2026-03-11 18:30:27] -> 正在检索关键词: Humanoid
[2026-03-11 18:30:29] -> 正在检索关键词: Manipulation
[2026-03-11 18:30:30] -> 正在检索关键词: Sim-to-Real
[2026-03-11 18:30:31] -> 正在检索关键词: Reinforcement Learning
[2026-03-11 18:30:33] -> 正在检索关键词: Dexterous
[2026-03-11 18:30:34] -> 正在检索关键词: Diffusion
[2026-03-11 18:30:36] ☕ 未发现新论文，发送平安报备...
[2026-03-12 09:30:19] 📡 具身雷达开始扫描...
[2026-03-12 09:30:19] -> 正在检索关键词: VLA
[2026-03-12 09:30:20] -> 正在检索关键词: End-to-End
[2026-03-12 09:30:21] -> 正在检索关键词: Embodied
[2026-03-12 09:30:23] -> 正在检索关键词: Humanoid
[2026-03-12 09:30:25] -> 正在检索关键词: Manipulation
[2026-03-12 09:30:26] -> 正在检索关键词: Sim-to-Real
[2026-03-12 09:30:28] -> 正在检索关键词: Reinforcement Learning
[2026-03-12 09:30:29] -> 正在检索关键词: Dexterous
[2026-03-12 09:30:31] -> 正在检索关键词: Diffusion
[2026-03-12 09:30:33] 🧠 正在请 AI 总结: Deformable Multibody...
[2026-03-12 09:30:40] ✅ 推送成功: Deformable Mult...
[2026-03-12 09:30:45] 🎉 扫描及推送任务全部完成！
[2026-03-12 18:30:13] 📡 具身雷达开始扫描...
[2026-03-12 18:30:13] -> 正在检索关键词: VLA
[2026-03-12 18:30:15] -> 正在检索关键词: End-to-End
[2026-03-12 18:30:17] -> 正在检索关键词: Embodied
[2026-03-12 18:30:18] -> 正在检索关键词: Humanoid
[2026-03-12 18:30:20] -> 正在检索关键词: Manipulation
[2026-03-12 18:30:22] -> 正在检索关键词: Sim-to-Real
[2026-03-12 18:30:23] -> 正在检索关键词: Reinforcement Learning
[2026-03-12 18:30:25] -> 正在检索关键词: Dexterous
[2026-03-12 18:30:26] -> 正在检索关键词: Diffusion
[2026-03-12 18:30:28] ☕ 未发现新论文，发送平安报备...
[2026-03-13 09:30:12] 📡 具身雷达开始扫描...
[2026-03-13 09:30:12] -> 正在检索关键词: VLA
[2026-03-13 09:30:14] -> 正在检索关键词: End-to-End
[2026-03-13 09:30:15] -> 正在检索关键词: Embodied
[2026-03-13 09:30:16] -> 正在检索关键词: Humanoid
[2026-03-13 09:30:18] -> 正在检索关键词: Manipulation
[2026-03-13 09:30:19] -> 正在检索关键词: Sim-to-Real
[2026-03-13 09:30:21] -> 正在检索关键词: Reinforcement Learning
[2026-03-13 09:30:22] -> 正在检索关键词: Dexterous
[2026-03-13 09:30:23] -> 正在检索关键词: Diffusion
[2026-03-13 09:30:24] ☕ 未发现新论文，发送平安报备...
[2026-03-13 18:30:24] 📡 具身雷达开始扫描...
[2026-03-13 18:30:24] -> 正在检索关键词: VLA
[2026-03-13 18:30:26] -> 正在检索关键词: End-to-End
[2026-03-13 18:30:27] -> 正在检索关键词: Embodied
[2026-03-13 18:30:28] -> 正在检索关键词: Humanoid
[2026-03-13 18:30:29] -> 正在检索关键词: Manipulation
[2026-03-13 18:30:31] -> 正在检索关键词: Sim-to-Real
[2026-03-13 18:30:32] -> 正在检索关键词: Reinforcement Learning
[2026-03-13 18:30:33] -> 正在检索关键词: Dexterous
[2026-03-13 18:30:34] -> 正在检索关键词: Diffusion
[2026-03-13 18:30:36] ☕ 未发现新论文，发送平安报备...
[2026-03-14 09:30:22] 📡 具身雷达开始扫描...
[2026-03-14 09:30:22] -> 正在检索关键词: VLA
[2026-03-14 09:30:23] -> 正在检索关键词: End-to-End
[2026-03-14 09:30:24] -> 正在检索关键词: Embodied
[2026-03-14 09:30:26] -> 正在检索关键词: Humanoid
[2026-03-14 09:30:27] -> 正在检索关键词: Manipulation
[2026-03-14 09:30:30] -> 正在检索关键词: Sim-to-Real
[2026-03-14 09:30:31] -> 正在检索关键词: Reinforcement Learning
[2026-03-14 09:30:33] -> 正在检索关键词: Dexterous
[2026-03-14 09:30:34] -> 正在检索关键词: Diffusion
[2026-03-14 09:30:35] ☕ 未发现新论文，发送平安报备...
[2026-03-14 18:30:05] 📡 具身雷达开始扫描...
[2026-03-14 18:30:06] -> 正在检索关键词: VLA
[2026-03-14 18:30:07] -> 正在检索关键词: End-to-End
[2026-03-14 18:30:08] -> 正在检索关键词: Embodied
[2026-03-14 18:30:09] -> 正在检索关键词: Humanoid
[2026-03-14 18:30:11] -> 正在检索关键词: Manipulation
[2026-03-14 18:30:12] -> 正在检索关键词: Sim-to-Real
[2026-03-14 18:30:13] -> 正在检索关键词: Reinforcement Learning
[2026-03-14 18:30:15] -> 正在检索关键词: Dexterous
[2026-03-14 18:30:16] -> 正在检索关键词: Diffusion
[2026-03-14 18:30:18] ☕ 未发现新论文，发送平安报备...
[2026-03-15 09:30:04] 📡 具身雷达开始扫描...
[2026-03-15 09:30:04] -> 正在检索关键词: VLA
[2026-03-15 09:30:05] -> 正在检索关键词: End-to-End
[2026-03-15 09:30:06] -> 正在检索关键词: Embodied
[2026-03-15 09:30:08] -> 正在检索关键词: Humanoid
[2026-03-15 09:30:09] -> 正在检索关键词: Manipulation
[2026-03-15 09:30:11] -> 正在检索关键词: Sim-to-Real
[2026-03-15 09:30:12] -> 正在检索关键词: Reinforcement Learning
[2026-03-15 09:30:13] -> 正在检索关键词: Dexterous
[2026-03-15 09:30:15] -> 正在检索关键词: Diffusion
[2026-03-15 09:30:16] ☕ 未发现新论文，发送平安报备...
[2026-03-15 18:30:15] 📡 具身雷达开始扫描...
[2026-03-15 18:30:15] -> 正在检索关键词: VLA
[2026-03-15 18:30:16] -> 正在检索关键词: End-to-End
[2026-03-15 18:30:17] -> 正在检索关键词: Embodied
[2026-03-15 18:30:19] -> 正在检索关键词: Humanoid
[2026-03-15 18:30:20] -> 正在检索关键词: Manipulation
[2026-03-15 18:30:21] -> 正在检索关键词: Sim-to-Real
[2026-03-15 18:30:23] -> 正在检索关键词: Reinforcement Learning
[2026-03-15 18:30:25] -> 正在检索关键词: Dexterous
[2026-03-15 18:30:26] -> 正在检索关键词: Diffusion
[2026-03-15 18:30:27] ☕ 未发现新论文，发送平安报备...
[2026-03-16 09:30:14] 📡 具身雷达开始扫描...
[2026-03-16 09:30:14] -> 正在检索关键词: VLA
[2026-03-16 09:30:15] -> 正在检索关键词: End-to-End
[2026-03-16 09:30:17] -> 正在检索关键词: Embodied
[2026-03-16 09:30:18] -> 正在检索关键词: Humanoid
[2026-03-16 09:30:19] -> 正在检索关键词: Manipulation
[2026-03-16 09:30:20] -> 正在检索关键词: Sim-to-Real
[2026-03-16 09:30:22] -> 正在检索关键词: Reinforcement Learning
[2026-03-16 09:30:23] -> 正在检索关键词: Dexterous
[2026-03-16 09:30:24] -> 正在检索关键词: Diffusion
[2026-03-16 09:30:26] ☕ 未发现新论文，发送平安报备...
[2026-03-16 18:30:28] 📡 具身雷达开始扫描...
[2026-03-16 18:30:28] -> 正在检索关键词: VLA
[2026-03-16 18:30:30] -> 正在检索关键词: End-to-End
[2026-03-16 18:30:32] -> 正在检索关键词: Embodied
[2026-03-16 18:30:33] -> 正在检索关键词: Humanoid
[2026-03-16 18:30:36] -> 正在检索关键词: Manipulation
[2026-03-16 18:30:39] -> 正在检索关键词: Sim-to-Real
[2026-03-16 18:30:40] -> 正在检索关键词: Reinforcement Learning
[2026-03-16 18:30:43] -> 正在检索关键词: Dexterous
[2026-03-16 18:30:44] -> 正在检索关键词: Diffusion
[2026-03-16 18:30:46] ☕ 未发现新论文，发送平安报备...
[2026-03-17 09:30:06] 📡 具身雷达开始扫描...
[2026-03-17 09:30:06] -> 正在检索关键词: VLA
[2026-03-17 09:30:08] -> 正在检索关键词: End-to-End
[2026-03-17 09:30:09] -> 正在检索关键词: Embodied
[2026-03-17 09:30:10] -> 正在检索关键词: Humanoid
[2026-03-17 09:30:12] -> 正在检索关键词: Manipulation
[2026-03-17 09:30:13] -> 正在检索关键词: Sim-to-Real
[2026-03-17 09:30:14] -> 正在检索关键词: Reinforcement Learning
[2026-03-17 09:30:15] -> 正在检索关键词: Dexterous
[2026-03-17 09:30:17] -> 正在检索关键词: Diffusion
[2026-03-17 09:30:18] 🧠 正在请 AI 总结: NuExo: A Wearable Ex...
[2026-03-17 09:30:24] ✅ 推送成功: NuExo: A Wearab...
[2026-03-17 09:30:29] 🧠 正在请 AI 总结: Realtime Limb Trajec...
[2026-03-17 09:30:32] ✅ 推送成功: Realtime Limb T...
[2026-03-17 09:30:37] 🎉 扫描及推送任务全部完成！
[2026-03-17 10:27:00] 📡 具身雷达开始扫描...
[2026-03-17 10:27:00] -> 正在检索关键词: VLA
[2026-03-17 10:27:01] -> 正在检索关键词: End-to-End
[2026-03-17 10:27:03] -> 正在检索关键词: Embodied
[2026-03-17 10:27:04] -> 正在检索关键词: Humanoid
[2026-03-17 10:27:06] -> 正在检索关键词: Manipulation
[2026-03-17 10:27:07] -> 正在检索关键词: Sim-to-Real
[2026-03-17 10:27:09] -> 正在检索关键词: Reinforcement Learning
[2026-03-17 10:27:11] -> 正在检索关键词: Dexterous
[2026-03-17 10:27:12] -> 正在检索关键词: Diffusion
[2026-03-17 10:27:13] ☕ 未发现新论文，发送平安报备...
[2026-03-17 10:48:35] ⏰ 后台定时任务已刷新，将在每天的 ['09:30', '18:30'] 自动执行
[2026-03-17 10:48:51] 📡 具身雷达开始扫描...
[2026-03-17 10:48:51] -> 正在检索关键词: VLA
[2026-03-17 10:48:55] -> 正在检索关键词: End-to-End
[2026-03-17 10:48:56] -> 正在检索关键词: Embodied
[2026-03-17 10:48:59] -> 正在检索关键词: Humanoid
[2026-03-17 10:49:01] -> 正在检索关键词: Manipulation
[2026-03-17 10:49:02] -> 正在检索关键词: Sim-to-Real
[2026-03-17 10:49:05] -> 正在检索关键词: Reinforcement Learning
[2026-03-17 10:49:06] -> 正在检索关键词: Dexterous
[2026-03-17 10:49:08] -> 正在检索关键词: Diffusion
[2026-03-17 10:49:09] ☕ 未发现新论文，发送平安报备...
